---
# - `derivedRoles` field order
# - CEL formatted variables & expressions
apiVersion: "api.cerbos.dev/v1"
description: |-
  Common dynamic roles used within the Apatr app
derivedRoles:
  name: apatr_common_roles
  variables:
    import:
      - apatr_common_variables
    local:
      flagged_resource: request.resource.attr.flagged
  definitions:
    - name: owner
      parentRoles: ["user"]
      condition:
        match:
          expr: request.resource.attr.owner == request.principal.id
    - name: abuse_moderator
      parentRoles: ["moderator"]
      condition:
        match:
          expr: V.flagged_resource == true
